// Vitest Snapshot v1, https://vitest.dev/guide/snapshot.html

exports[`rotate sprite > rotate sprite 1`] = `2.3580805686801525`;

exports[`rotate sprite > rotate sprite 2`] = `2.7330338359124564`;

exports[`scale sprite > drag rb(bottom right) ctrl 1`] = `
G {
  "angle": 0,
  "h": 314.66666666666663,
  "master": null,
  "w": 314.6666666666667,
  "x": 0,
  "y": 0,
}
`;
